../features/ModuleADC/Src/ModuleADC.c:32:6:ModuleADC_HWInit	4	static
../features/ModuleADC/Src/ModuleADC.c:44:6:ModuleADC_SWInit	4	static
../features/ModuleADC/Src/ModuleADC.c:56:6:ModuleADC_StartUP	8	static
../features/ModuleADC/Src/ModuleADC.c:82:6:ModuleADC_MAIN_Routine	8	static
../features/ModuleADC/Src/ModuleADC.c:212:6:ModuleADC_MAIN_Process	4	static
../features/ModuleADC/Src/ModuleADC.c:225:6:ModuleADC_MAIN	8	static
../features/ModuleADC/Src/ModuleADC.c:264:9:Process_AnalogSignals_SeperateChannels	40	static
../features/ModuleADC/Src/ModuleADC.c:285:5:Process_AnalogSignals_ReadChannel	96	static
