../features/ModuleADC/Src/ModuleADC.c:32:5:getWheelAngle	16	static
../features/ModuleADC/Src/ModuleADC.c:44:5:getBrakeParam	16	static
../features/ModuleADC/Src/ModuleADC.c:56:5:getGasParam	16	static
../features/ModuleADC/Src/ModuleADC.c:68:6:setMotorSpeed	16	static
../features/ModuleADC/Src/ModuleADC.c:86:6:setAnalogSignals	24	static
../features/ModuleADC/Src/ModuleADC.c:121:9:calculateMotorSpeedLeft	16	static
../features/ModuleADC/Src/ModuleADC.c:158:9:calculateMotorSpeedRight	16	static
../features/ModuleADC/Src/ModuleADC.c:193:20:getMotorDirection	16	static
../features/ModuleADC/Src/ModuleADC.c:226:6:ModuleADC_CTOR	24	static
../features/ModuleADC/Src/ModuleADC.c:249:6:ModuleADC_HWInit	4	static
../features/ModuleADC/Src/ModuleADC.c:261:6:ModuleADC_SWInit	8	static
../features/ModuleADC/Src/ModuleADC.c:273:6:ModuleADC_StartUP	8	static
../features/ModuleADC/Src/ModuleADC.c:299:6:ModuleADC_MAIN_Routine	8	static
../features/ModuleADC/Src/ModuleADC.c:429:6:ModuleADC_MAIN_Process	4	static
../features/ModuleADC/Src/ModuleADC.c:442:6:ModuleADC_MAIN	8	static
../features/ModuleADC/Src/ModuleADC.c:481:9:Process_AnalogSignals_SeperateChannels	40	static
../features/ModuleADC/Src/ModuleADC.c:502:5:Process_AnalogSignals_ReadChannel	96	static
