../features/ModuleADC/Src/ModuleADC.c:32:5:getWheelAngle	16	static
../features/ModuleADC/Src/ModuleADC.c:44:5:getBrakeParam	16	static
../features/ModuleADC/Src/ModuleADC.c:56:5:getGasParam	16	static
../features/ModuleADC/Src/ModuleADC.c:68:6:setMotorSpeed1	16	static
../features/ModuleADC/Src/ModuleADC.c:89:6:ModuleADC_CTOR	16	static
../features/ModuleADC/Src/ModuleADC.c:111:6:ModuleADC_HWInit	4	static
../features/ModuleADC/Src/ModuleADC.c:123:6:ModuleADC_SWInit	8	static
../features/ModuleADC/Src/ModuleADC.c:135:6:ModuleADC_StartUP	8	static
../features/ModuleADC/Src/ModuleADC.c:161:6:ModuleADC_MAIN_Routine	8	static
../features/ModuleADC/Src/ModuleADC.c:291:6:ModuleADC_MAIN_Process	4	static
../features/ModuleADC/Src/ModuleADC.c:304:6:ModuleADC_MAIN	8	static
../features/ModuleADC/Src/ModuleADC.c:343:9:Process_AnalogSignals_SeperateChannels	40	static
../features/ModuleADC/Src/ModuleADC.c:364:5:Process_AnalogSignals_ReadChannel	96	static
