../features/ModulePOWERSWITCH/Src/ModulePOWERSWITCH.c:30:6:ModulePOWERSWITCH_HWInit	4	static
../features/ModulePOWERSWITCH/Src/ModulePOWERSWITCH.c:42:6:ModulePOWERSWITCH_SWInit	4	static
../features/ModulePOWERSWITCH/Src/ModulePOWERSWITCH.c:54:6:ModulePOWERSWITCH_StartUP	8	static
../features/ModulePOWERSWITCH/Src/ModulePOWERSWITCH.c:80:6:ModulePOWERSWITCH_MAIN_Routine	4	static
../features/ModulePOWERSWITCH/Src/ModulePOWERSWITCH.c:92:6:ModulePOWERSWITCH_MAIN_Process	4	static
../features/ModulePOWERSWITCH/Src/ModulePOWERSWITCH.c:105:6:ModulePOWERSWITCH_MAIN	8	static
