../Core/Src/main.c:114:5:main	8	static
../Core/Src/main.c:210:6:SystemClock_Config	88	static
../Core/Src/main.c:260:13:MX_ADC1_Init	8	static
../Core/Src/main.c:362:13:MX_ADC3_Init	8	static
../Core/Src/main.c:526:13:MX_CAN1_Init	8	static
../Core/Src/main.c:563:13:MX_CAN2_Init	8	static
../Core/Src/main.c:600:13:MX_CRC_Init	8	static
../Core/Src/main.c:626:13:MX_I2C1_Init	8	static
../Core/Src/main.c:660:13:MX_I2C2_Init	8	static
../Core/Src/main.c:694:13:MX_I2C3_Init	8	static
../Core/Src/main.c:728:13:MX_IWDG_Init	8	static
../Core/Src/main.c:756:13:MX_RTC_Init	8	static
../Core/Src/main.c:791:13:MX_SPI2_Init	8	static
../Core/Src/main.c:829:13:MX_SPI3_Init	8	static
../Core/Src/main.c:867:13:MX_TIM1_Init	96	static
../Core/Src/main.c:954:13:MX_UART4_Init	8	static
../Core/Src/main.c:987:13:MX_UART5_Init	8	static
../Core/Src/main.c:1020:13:MX_WWDG_Init	8	static
../Core/Src/main.c:1050:13:MX_GPIO_Init	64	static
../Core/Src/main.c:1199:6:StartDefaultTask	16	static
../Core/Src/main.c:1214:6:Error_Handler	4	static,ignoring_inline_asm
