../Core/Src/main.c:114:5:main	8	static
../Core/Src/main.c:210:6:SystemClock_Config	88	static
../Core/Src/main.c:260:13:MX_ADC1_Init	24	static
../Core/Src/main.c:361:13:MX_ADC3_Init	24	static
../Core/Src/main.c:525:13:MX_CAN1_Init	8	static
../Core/Src/main.c:562:13:MX_CAN2_Init	8	static
../Core/Src/main.c:599:13:MX_CRC_Init	8	static
../Core/Src/main.c:625:13:MX_I2C1_Init	8	static
../Core/Src/main.c:659:13:MX_I2C2_Init	8	static
../Core/Src/main.c:693:13:MX_I2C3_Init	8	static
../Core/Src/main.c:727:13:MX_IWDG_Init	8	static
../Core/Src/main.c:755:13:MX_RTC_Init	8	static
../Core/Src/main.c:790:13:MX_SPI2_Init	8	static
../Core/Src/main.c:828:13:MX_SPI3_Init	8	static
../Core/Src/main.c:866:13:MX_TIM1_Init	96	static
../Core/Src/main.c:953:13:MX_UART4_Init	8	static
../Core/Src/main.c:986:13:MX_UART5_Init	8	static
../Core/Src/main.c:1019:13:MX_WWDG_Init	8	static
../Core/Src/main.c:1049:13:MX_GPIO_Init	64	static
../Core/Src/main.c:1198:6:StartDefaultTask	16	static
../Core/Src/main.c:1213:6:Error_Handler	4	static,ignoring_inline_asm
