../Core/Src/stm32f4xx_hal_msp.c:65:6:HAL_MspInit	16	static
../Core/Src/stm32f4xx_hal_msp.c:89:6:HAL_ADC_MspInit	72	static
../Core/Src/stm32f4xx_hal_msp.c:188:6:HAL_ADC_MspDeInit	16	static
../Core/Src/stm32f4xx_hal_msp.c:264:6:HAL_CAN_MspInit	56	static
../Core/Src/stm32f4xx_hal_msp.c:340:6:HAL_CAN_MspDeInit	16	static
../Core/Src/stm32f4xx_hal_msp.c:399:6:HAL_CRC_MspInit	24	static
../Core/Src/stm32f4xx_hal_msp.c:421:6:HAL_CRC_MspDeInit	16	static
../Core/Src/stm32f4xx_hal_msp.c:443:6:HAL_I2C_MspInit	64	static
../Core/Src/stm32f4xx_hal_msp.c:535:6:HAL_I2C_MspDeInit	16	static
../Core/Src/stm32f4xx_hal_msp.c:606:6:HAL_RTC_MspInit	112	static
../Core/Src/stm32f4xx_hal_msp.c:639:6:HAL_RTC_MspDeInit	16	static
../Core/Src/stm32f4xx_hal_msp.c:661:6:HAL_SPI_MspInit	64	static
../Core/Src/stm32f4xx_hal_msp.c:756:6:HAL_SPI_MspDeInit	16	static
../Core/Src/stm32f4xx_hal_msp.c:813:6:HAL_TIM_Base_MspInit	24	static
../Core/Src/stm32f4xx_hal_msp.c:829:6:HAL_TIM_MspPostInit	40	static
../Core/Src/stm32f4xx_hal_msp.c:864:6:HAL_TIM_Base_MspDeInit	16	static
../Core/Src/stm32f4xx_hal_msp.c:886:6:HAL_UART_MspInit	64	static
../Core/Src/stm32f4xx_hal_msp.c:962:6:HAL_UART_MspDeInit	16	static
../Core/Src/stm32f4xx_hal_msp.c:1013:6:HAL_WWDG_MspInit	24	static
