../application/Src/app.c:129:6:APP_timeoutTimerIRQHandler	16	static
../application/Src/app.c:134:6:APP_periodicTimerIRQHandler	16	static
../application/Src/app.c:156:6:APP_broadcast01TimerIRQHandler	16	static
../application/Src/app.c:161:6:APP_broadcast02TimerIRQHandler	16	static
../application/Src/app.c:166:6:APP_broadcast03TimerIRQHandler	16	static
../application/Src/app.c:171:6:APP_broadcast04TimerIRQHandler	16	static
../application/Src/app.c:176:6:APP_broadcast05TimerIRQHandler	16	static
../application/Src/app.c:181:6:APP_broadcast06TimerIRQHandler	16	static
../application/Src/app.c:186:6:APP_broadcast07TimerIRQHandler	16	static
../application/Src/app.c:201:9:DEBUG_printThread	72	static
../application/Src/app.c:215:6:Initilialise_App	24	static
../application/Src/app.c:510:6:MAIN_App	8	static
../application/Src/app.c:538:6:Process_BodyControlMAIN_TaskHandler	16	static
../application/Src/app.c:586:12:Process_ADC_TaskHandler	24	static
../application/Src/app.c:632:12:Process_ADC_Run	16	static
../application/Src/app.c:669:12:Process_AUDIO_TaskHandler	24	static
../application/Src/app.c:713:12:Process_AUDIO_Run	16	static
../application/Src/app.c:750:12:Process_CAN_TaskHandler	24	static
../application/Src/app.c:795:12:Process_CAN_Run	16	static
../application/Src/app.c:833:12:Process_CONTROL_TaskHandler	24	static
../application/Src/app.c:878:12:Process_CONTROL_Run	16	static
../application/Src/app.c:915:12:Process_FLASH_TaskHandler	24	static
../application/Src/app.c:959:12:Process_FLASH_Run	16	static
../application/Src/app.c:996:12:Process_POWERSWITCH_TaskHandler	24	static
../application/Src/app.c:1039:12:Process_POWERSWITCH_Run	16	static
../application/Src/app.c:1076:12:Process_RTC_TaskHandler	24	static
../application/Src/app.c:1120:12:Process_RTC_Run	16	static
../application/Src/app.c:1157:12:Process_SDCARD_TaskHandler	24	static
../application/Src/app.c:1201:12:Process_SDCARD_Run	16	static
../application/Src/app.c:1238:12:Process_TELEMETRY_TaskHandler	24	static
../application/Src/app.c:1280:12:Process_TELEMETRY_Run	16	static
