../application/Src/app.c:129:6:APP_timeoutTimerIRQHandler	16	static
../application/Src/app.c:134:6:APP_periodicTimerIRQHandler	16	static
../application/Src/app.c:156:6:APP_broadcast01TimerIRQHandler	16	static
../application/Src/app.c:161:6:APP_broadcast02TimerIRQHandler	16	static
../application/Src/app.c:166:6:APP_broadcast03TimerIRQHandler	16	static
../application/Src/app.c:171:6:APP_broadcast04TimerIRQHandler	16	static
../application/Src/app.c:176:6:APP_broadcast05TimerIRQHandler	16	static
../application/Src/app.c:181:6:APP_broadcast06TimerIRQHandler	16	static
../application/Src/app.c:186:6:APP_broadcast07TimerIRQHandler	16	static
../application/Src/app.c:201:9:DEBUG_printThread	72	static
../application/Src/app.c:215:6:Initilialise_App	24	static
../application/Src/app.c:510:6:MAIN_App	8	static
../application/Src/app.c:534:6:Process_BodyControlMAIN_TaskHandler	16	static
../application/Src/app.c:582:12:Process_ADC_TaskHandler	24	static
../application/Src/app.c:628:12:Process_ADC_Run	16	static
../application/Src/app.c:665:12:Process_AUDIO_TaskHandler	24	static
../application/Src/app.c:709:12:Process_AUDIO_Run	16	static
../application/Src/app.c:746:12:Process_CAN_TaskHandler	24	static
../application/Src/app.c:791:12:Process_CAN_Run	16	static
../application/Src/app.c:829:12:Process_CONTROL_TaskHandler	24	static
../application/Src/app.c:874:12:Process_CONTROL_Run	16	static
../application/Src/app.c:911:12:Process_FLASH_TaskHandler	24	static
../application/Src/app.c:955:12:Process_FLASH_Run	16	static
../application/Src/app.c:992:12:Process_POWERSWITCH_TaskHandler	24	static
../application/Src/app.c:1035:12:Process_POWERSWITCH_Run	16	static
../application/Src/app.c:1072:12:Process_RTC_TaskHandler	24	static
../application/Src/app.c:1116:12:Process_RTC_Run	16	static
../application/Src/app.c:1153:12:Process_SDCARD_TaskHandler	24	static
../application/Src/app.c:1197:12:Process_SDCARD_Run	16	static
../application/Src/app.c:1234:12:Process_TELEMETRY_TaskHandler	24	static
../application/Src/app.c:1276:12:Process_TELEMETRY_Run	16	static
