../application/Src/app.c:129:6:APP_timeoutTimerIRQHandler	16	static
../application/Src/app.c:134:6:APP_periodicTimerIRQHandler	16	static
../application/Src/app.c:160:6:APP_broadcast01TimerIRQHandler	16	static
../application/Src/app.c:165:6:APP_broadcast02TimerIRQHandler	16	static
../application/Src/app.c:170:6:APP_broadcast03TimerIRQHandler	16	static
../application/Src/app.c:175:6:APP_broadcast04TimerIRQHandler	16	static
../application/Src/app.c:180:6:APP_broadcast05TimerIRQHandler	16	static
../application/Src/app.c:185:6:APP_broadcast06TimerIRQHandler	16	static
../application/Src/app.c:190:6:APP_broadcast07TimerIRQHandler	16	static
../application/Src/app.c:205:9:DEBUG_printThread	72	static
../application/Src/app.c:219:6:Initilialise_App	24	static
../application/Src/app.c:514:6:MAIN_App	8	static
../application/Src/app.c:542:6:Process_BodyControlMAIN_TaskHandler	16	static
../application/Src/app.c:590:12:Process_ADC_TaskHandler	24	static
../application/Src/app.c:636:12:Process_ADC_Run	16	static
../application/Src/app.c:673:12:Process_AUDIO_TaskHandler	24	static
../application/Src/app.c:717:12:Process_AUDIO_Run	16	static
../application/Src/app.c:754:12:Process_CAN_TaskHandler	24	static
../application/Src/app.c:799:12:Process_CAN_Run	16	static
../application/Src/app.c:837:12:Process_CONTROL_TaskHandler	24	static
../application/Src/app.c:882:12:Process_CONTROL_Run	16	static
../application/Src/app.c:919:12:Process_FLASH_TaskHandler	24	static
../application/Src/app.c:963:12:Process_FLASH_Run	16	static
../application/Src/app.c:1000:12:Process_POWERSWITCH_TaskHandler	24	static
../application/Src/app.c:1043:12:Process_POWERSWITCH_Run	16	static
../application/Src/app.c:1080:12:Process_RTC_TaskHandler	24	static
../application/Src/app.c:1124:12:Process_RTC_Run	16	static
../application/Src/app.c:1161:12:Process_SDCARD_TaskHandler	24	static
../application/Src/app.c:1205:12:Process_SDCARD_Run	16	static
../application/Src/app.c:1242:12:Process_TELEMETRY_TaskHandler	24	static
../application/Src/app.c:1284:12:Process_TELEMETRY_Run	16	static
