../Drivers/EEMProtocol/src/EEMProtocol.c:39:6:CAN1_RX0_IRQHandler	48	static
../Drivers/EEMProtocol/src/EEMProtocol.c:111:6:EEM_BXCAN_PeriphBase_CTOR	24	static
../Drivers/EEMProtocol/src/EEMProtocol.c:173:6:EEM_CTOR	24	static
../Drivers/EEMProtocol/src/EEMProtocol.c:217:11:EEM_INIT	56	static
../Drivers/EEMProtocol/src/EEMProtocol.c:470:8:EEM_PUSH	24	static
../Drivers/EEMProtocol/src/EEMProtocol.c:499:6:EEM_POP	24	static
../Drivers/EEMProtocol/src/EEMProtocol.c:524:13:EEM_TX	24	static
../Drivers/EEMProtocol/src/EEMProtocol.c:596:13:EEM_RX	24	static
../Drivers/EEMProtocol/src/EEMProtocol.c:655:12:EEM_PERIODIC	376	static
../Drivers/EEMProtocol/src/EEMProtocol.c:1085:12:EEM_IS_EMPTY	16	static
../Drivers/EEMProtocol/src/EEMProtocol.c:1097:12:EEM_IS_FULL	16	static
../Drivers/EEMProtocol/src/EEMProtocol.c:1110:6:EEM_TEST_MSG	8	static
../Drivers/EEMProtocol/src/EEMProtocol.c:1133:6:EEM_DEBUG_PRINT	16	static
